[debug] [2026-08-20T04:11:22.081Z] ----------------------------------------------------------------------
[debug] [2026-08-20T04:11:22.084Z] Command:       /Users/richardyurewitch/.nvm/versions/node/v20.19.0/bin/node /usr/local/bin/firebase projects:list
[debug] [2026-08-20T04:11:22.084Z] CLI Version:   11.19.0
[debug] [2026-08-20T04:11:22.084Z] Platform:      darwin
[debug] [2026-08-20T04:11:22.084Z] Node Version:  v20.19.0
[debug] [2026-08-20T04:11:22.084Z] Time:          Thu Aug 20 2026 00:11:22 GMT-0400 (Eastern Daylight Time)
[debug] [2026-08-20T04:11:22.084Z] ----------------------------------------------------------------------
[debug] 
[debug] [2026-08-20T04:11:22.085Z] >>> [apiv2][query] GET https://firebase-public.firebaseio.com/cli.json [none]
[debug] [2026-08-20T04:11:22.143Z] > command requires scopes: ["email","openid","https://www.googleapis.com/auth/cloudplatformprojects.readonly","https://www.googleapis.com/auth/firebase","https://www.googleapis.com/auth/cloud-platform"]
[debug] [2026-08-20T04:11:22.143Z] > authorizing via signed-in user (richardyurewitch@gmail.com)
[debug] [2026-08-20T04:11:22.144Z] > refreshing access token with scopes: []
[debug] [2026-08-20T04:11:22.145Z] >>> [apiv2][query] POST https://www.googleapis.com/oauth2/v3/token [none]
[debug] [2026-08-20T04:11:22.145Z] >>> [apiv2][body] POST https://www.googleapis.com/oauth2/v3/token [omitted]
[debug] [2026-08-20T04:11:22.247Z] <<< [apiv2][status] POST https://www.googleapis.com/oauth2/v3/token 400
[debug] [2026-08-20T04:11:22.248Z] <<< [apiv2][body] POST https://www.googleapis.com/oauth2/v3/token [omitted]
[debug] [2026-08-20T04:11:22.248Z] >>> [apiv2][query] GET https://firebase.googleapis.com/v1beta1/projects pageSize=1000
[debug] [2026-08-20T04:11:22.261Z] <<< [apiv2][status] GET https://firebase-public.firebaseio.com/cli.json 200
[debug] [2026-08-20T04:11:22.262Z] <<< [apiv2][body] GET https://firebase-public.firebaseio.com/cli.json {"cloudBuildErrorAfter":1594252800000,"cloudBuildWarnAfter":1590019200000,"defaultNode10After":1594252800000,"minVersion":"3.0.5","node8DeploysDisabledAfter":1613390400000,"node8RuntimeDisabledAfter":1615809600000,"node8WarnAfter":1600128000000}
[debug] [2026-08-20T04:11:22.455Z] <<< [apiv2][status] GET https://firebase.googleapis.com/v1beta1/projects 401
[debug] [2026-08-20T04:11:22.455Z] <<< [apiv2][body] GET https://firebase.googleapis.com/v1beta1/projects [omitted]
[debug] [2026-08-20T04:11:22.456Z] HTTP Error: 401, Request had invalid authentication credentials. Expected OAuth 2 access token, login cookie or other valid authentication credential. See https://developers.google.com/identity/sign-in/web/devconsole-project.
[debug] [2026-08-20T04:11:22.553Z] FirebaseError: HTTP Error: 401, Request had invalid authentication credentials. Expected OAuth 2 access token, login cookie or other valid authentication credential. See https://developers.google.com/identity/sign-in/web/devconsole-project.
    at responseToError (/usr/local/lib/node_modules/firebase-tools/lib/responseToError.js:49:12)
    at RetryOperation._fn (/usr/local/lib/node_modules/firebase-tools/lib/apiv2.js:288:77)
    at process.processTicksAndRejections (node:internal/process/task_queues:95:5)
[error] 
[error] Error: Failed to list Firebase projects. See firebase-debug.log for more info.
